// Jest Snapshot v1, https://goo.gl/fbAQLP

exports[`input snapshots are awesome 1`] = `
<input
  a="1"
  autoFocus={true}
  className=""
  onBlur={[Function]}
  onChange={[Function]}
  onKeyDown={[Function]}
  type="text"
  value=""
/>
`;
